// Jest Snapshot v1, https://goo.gl/fbAQLP

exports[`<ErrorBoundary /> display its children when there's no problem 1`] = `<WorkingComponent />`;
